// 重构日志: 1316f851
// 重构日志: 77e32632
// 重构日志: 84817323
// 同步 ID: 397c8f42 @ Tue Jul 21 00:28:57 UTC 2026
// 重构日志: 97cea103
// 重构日志: bdad6f65
// 重构日志: cb8f1eb5
// 同步 ID: 692fbfb3 @ Thu Jul 23 18:32:51 UTC 2026
// 重构日志: df40df69
// 重构日志: f0fae323
// 重构日志: 6e77250b
// 同步 ID: 8a9bb82a @ Tue Jul 28 16:19:02 UTC 2026
// 重构日志: 816b5e0e
// 同步 ID: 8551c44c @ Sat Aug  1 09:27:44 UTC 2026
// 重构日志: 13d28ebf
// 重构日志: fe9c41d0
// 重构日志: e0cc8a28
// 重构日志: 42e7e52d
// 同步 ID: 71e6c1d2 @ Sun Aug  2 15:50:42 UTC 2026
// 重构日志: b47fb892
// 同步 ID: a76b2800 @ Tue Aug  4 08:44:43 UTC 2026
